Archive member included to satisfy reference by file (symbol)

c:/program files (x86)/atmel/studio/7.0/toolchain/arm/arm-gnu-toolchain/bin/../lib/gcc/arm-none-eabi/6.2.1/../../../../arm-none-eabi/lib/thumb/v6-m\libstdc++_nano.a(atexit_arm.o)
                              main.o (__aeabi_atexit)
c:/program files (x86)/atmel/studio/7.0/toolchain/arm/arm-gnu-toolchain/bin/../lib/gcc/arm-none-eabi/6.2.1/../../../../arm-none-eabi/lib/thumb/v6-m\libstdc++_nano.a(del_ops.o)
                              main.o (operator delete(void*, unsigned int))
c:/program files (x86)/atmel/studio/7.0/toolchain/arm/arm-gnu-toolchain/bin/../lib/gcc/arm-none-eabi/6.2.1/../../../../arm-none-eabi/lib/thumb/v6-m\libstdc++_nano.a(guard.o)
                              qp/source/qf_actq.o (__cxa_guard_acquire)
c:/program files (x86)/atmel/studio/7.0/toolchain/arm/arm-gnu-toolchain/bin/../lib/gcc/arm-none-eabi/6.2.1/../../../../arm-none-eabi/lib/thumb/v6-m\libstdc++_nano.a(del_op.o)
                              c:/program files (x86)/atmel/studio/7.0/toolchain/arm/arm-gnu-toolchain/bin/../lib/gcc/arm-none-eabi/6.2.1/../../../../arm-none-eabi/lib/thumb/v6-m\libstdc++_nano.a(del_ops.o) (operator delete(void*))
c:/program files (x86)/atmel/studio/7.0/toolchain/arm/arm-gnu-toolchain/bin/../lib/gcc/arm-none-eabi/6.2.1/thumb/v6-m\libgcc.a(_thumb1_case_uqi.o)
                              source/Delegate.o (__gnu_thumb1_case_uqi)
c:/program files (x86)/atmel/studio/7.0/toolchain/arm/arm-gnu-toolchain/bin/../lib/gcc/arm-none-eabi/6.2.1/thumb/v6-m\libgcc.a(_udivsi3.o)
                              bsp/bsp_sercom.o (__aeabi_uidiv)
c:/program files (x86)/atmel/studio/7.0/toolchain/arm/arm-gnu-toolchain/bin/../lib/gcc/arm-none-eabi/6.2.1/thumb/v6-m\libgcc.a(_divsi3.o)
                              source/dap.o (__aeabi_idiv)
c:/program files (x86)/atmel/studio/7.0/toolchain/arm/arm-gnu-toolchain/bin/../lib/gcc/arm-none-eabi/6.2.1/thumb/v6-m\libgcc.a(_dvmd_tls.o)
                              c:/program files (x86)/atmel/studio/7.0/toolchain/arm/arm-gnu-toolchain/bin/../lib/gcc/arm-none-eabi/6.2.1/thumb/v6-m\libgcc.a(_udivsi3.o) (__aeabi_idiv0)
c:/program files (x86)/atmel/studio/7.0/toolchain/arm/arm-gnu-toolchain/bin/../lib/gcc/arm-none-eabi/6.2.1/../../../../arm-none-eabi/lib/thumb/v6-m\libc_nano.a(lib_a-cxa_atexit.o)
                              c:/program files (x86)/atmel/studio/7.0/toolchain/arm/arm-gnu-toolchain/bin/../lib/gcc/arm-none-eabi/6.2.1/../../../../arm-none-eabi/lib/thumb/v6-m\libstdc++_nano.a(atexit_arm.o) (__cxa_atexit)
c:/program files (x86)/atmel/studio/7.0/toolchain/arm/arm-gnu-toolchain/bin/../lib/gcc/arm-none-eabi/6.2.1/../../../../arm-none-eabi/lib/thumb/v6-m\libc_nano.a(lib_a-exit.o)
                              c:/program files (x86)/atmel/studio/7.0/toolchain/arm/arm-gnu-toolchain/bin/../lib/gcc/arm-none-eabi/6.2.1/../../../../arm-none-eabi/lib/thumb/v6-m/crt0.o (exit)
c:/program files (x86)/atmel/studio/7.0/toolchain/arm/arm-gnu-toolchain/bin/../lib/gcc/arm-none-eabi/6.2.1/../../../../arm-none-eabi/lib/thumb/v6-m\libc_nano.a(lib_a-impure.o)
                              c:/program files (x86)/atmel/studio/7.0/toolchain/arm/arm-gnu-toolchain/bin/../lib/gcc/arm-none-eabi/6.2.1/../../../../arm-none-eabi/lib/thumb/v6-m\libc_nano.a(lib_a-exit.o) (_global_impure_ptr)
c:/program files (x86)/atmel/studio/7.0/toolchain/arm/arm-gnu-toolchain/bin/../lib/gcc/arm-none-eabi/6.2.1/../../../../arm-none-eabi/lib/thumb/v6-m\libc_nano.a(lib_a-init.o)
                              c:/program files (x86)/atmel/studio/7.0/toolchain/arm/arm-gnu-toolchain/bin/../lib/gcc/arm-none-eabi/6.2.1/../../../../arm-none-eabi/lib/thumb/v6-m/crt0.o (__libc_init_array)
c:/program files (x86)/atmel/studio/7.0/toolchain/arm/arm-gnu-toolchain/bin/../lib/gcc/arm-none-eabi/6.2.1/../../../../arm-none-eabi/lib/thumb/v6-m\libc_nano.a(lib_a-malloc.o)
                              c:/program files (x86)/atmel/studio/7.0/toolchain/arm/arm-gnu-toolchain/bin/../lib/gcc/arm-none-eabi/6.2.1/../../../../arm-none-eabi/lib/thumb/v6-m\libstdc++_nano.a(del_op.o) (free)
c:/program files (x86)/atmel/studio/7.0/toolchain/arm/arm-gnu-toolchain/bin/../lib/gcc/arm-none-eabi/6.2.1/../../../../arm-none-eabi/lib/thumb/v6-m\libc_nano.a(lib_a-memcpy-stub.o)
                              source/dap.o (memcpy)
c:/program files (x86)/atmel/studio/7.0/toolchain/arm/arm-gnu-toolchain/bin/../lib/gcc/arm-none-eabi/6.2.1/../../../../arm-none-eabi/lib/thumb/v6-m\libc_nano.a(lib_a-memset.o)
                              c:/program files (x86)/atmel/studio/7.0/toolchain/arm/arm-gnu-toolchain/bin/../lib/gcc/arm-none-eabi/6.2.1/../../../../arm-none-eabi/lib/thumb/v6-m/crt0.o (memset)
c:/program files (x86)/atmel/studio/7.0/toolchain/arm/arm-gnu-toolchain/bin/../lib/gcc/arm-none-eabi/6.2.1/../../../../arm-none-eabi/lib/thumb/v6-m\libc_nano.a(lib_a-nano-freer.o)
[...]
Memory Configuration

Name             Origin             Length             Attributes
rom              0x00000000         0x00003f00         xr
ram              0x20000000         0x00001000         xrw
*default*        0x00000000         0xffffffff

Linker script and memory map

LOAD c:/program files (x86)/atmel/studio/7.0/toolchain/arm/arm-gnu-toolchain/bin/../lib/gcc/arm-none-eabi/6.2.1/thumb/v6-m/crti.o
LOAD c:/program files (x86)/atmel/studio/7.0/toolchain/arm/arm-gnu-toolchain/bin/../lib/gcc/arm-none-eabi/6.2.1/thumb/v6-m/crtbegin.o
LOAD c:/program files (x86)/atmel/studio/7.0/toolchain/arm/arm-gnu-toolchain/bin/../lib/gcc/arm-none-eabi/6.2.1/../../../../arm-none-eabi/lib/thumb/v6-m/crt0.o
LOAD bsp/bsp_adc.o
LOAD bsp/bsp_gpio.o
LOAD bsp/bsp_sercom.o
LOAD bsp/bsp_timer.o
LOAD Device_Startup/startup_samd09.o
LOAD Device_Startup/system_samd09.o
LOAD main.o
LOAD qp/extras/bsp.o
LOAD qp/extras/event.o
LOAD qp/extras/fw_evt.o
LOAD qp/extras/fw_log.o
LOAD qp/include/qstamp.o
LOAD qp/ports/arm-cm/qxk/gnu/qxk_port.o
LOAD qp/source/qep_hsm.o
LOAD qp/source/qep_msm.o
LOAD qp/source/qf_act.o
LOAD qp/source/qf_actq.o
LOAD qp/source/qf_defer.o
LOAD qp/source/qf_dyn.o
LOAD qp/source/qf_mem.o
LOAD qp/source/qf_ps.o
LOAD qp/source/qf_qact.o
LOAD qp/source/qf_qeq.o
LOAD qp/source/qf_qmact.o
LOAD qp/source/qf_time.o
LOAD qp/source/qxk.o
LOAD qp/source/qxk_mutex.o
LOAD qp/source/qxk_sema.o
LOAD qp/source/qxk_xthr.o
LOAD source/AOADC.o
LOAD source/AODAC.o
LOAD source/AODAP.o
LOAD source/AOInterrupt.o
LOAD source/AOSERCOM.o
LOAD source/AOTimer.o
LOAD source/dap.o
LOAD source/Delegate.o
LOAD source/I2CSlave.o
LOAD source/Neopixel.o
LOAD source/System.o
START GROUP
END GROUP
LOAD c:/program files (x86)/atmel/studio/7.0/toolchain/arm/arm-gnu-toolchain/bin/../lib/gcc/arm-none-eabi/6.2.1/../../../../arm-none-eabi/lib/thumb/v6-m\libstdc++_nano.a
LOAD c:/program files (x86)/atmel/studio/7.0/toolchain/arm/arm-gnu-toolchain/bin/../lib/gcc/arm-none-eabi/6.2.1/../../../../arm-none-eabi/lib/thumb/v6-m\libm.a
START GROUP
LOAD c:/program files (x86)/atmel/studio/7.0/toolchain/arm/arm-gnu-toolchain/bin/../lib/gcc/arm-none-eabi/6.2.1/thumb/v6-m\libgcc.a
LOAD c:/program files (x86)/atmel/studio/7.0/toolchain/arm/arm-gnu-toolchain/bin/../lib/gcc/arm-none-eabi/6.2.1/../../../../arm-none-eabi/lib/thumb/v6-m\libc_nano.a
END GROUP
START GROUP
LOAD c:/program files (x86)/atmel/studio/7.0/toolchain/arm/arm-gnu-toolchain/bin/../lib/gcc/arm-none-eabi/6.2.1/thumb/v6-m\libgcc.a
LOAD c:/program files (x86)/atmel/studio/7.0/toolchain/arm/arm-gnu-toolchain/bin/../lib/gcc/arm-none-eabi/6.2.1/../../../../arm-none-eabi/lib/thumb/v6-m\libc_nano.a
LOAD c:/program files (x86)/atmel/studio/7.0/toolchain/arm/arm-gnu-toolchain/bin/../lib/gcc/arm-none-eabi/6.2.1/../../../../arm-none-eabi/lib/thumb/v6-m\libnosys.a
END GROUP
START GROUP
LOAD c:/program files (x86)/atmel/studio/7.0/toolchain/arm/arm-gnu-toolchain/bin/../lib/gcc/arm-none-eabi/6.2.1/thumb/v6-m\libgcc.a
LOAD c:/program files (x86)/atmel/studio/7.0/toolchain/arm/arm-gnu-toolchain/bin/../lib/gcc/arm-none-eabi/6.2.1/../../../../arm-none-eabi/lib/thumb/v6-m\libc_nano.a
LOAD c:/program files (x86)/atmel/studio/7.0/toolchain/arm/arm-gnu-toolchain/bin/../lib/gcc/arm-none-eabi/6.2.1/../../../../arm-none-eabi/lib/thumb/v6-m\libnosys.a
END GROUP
LOAD c:/program files (x86)/atmel/studio/7.0/toolchain/arm/arm-gnu-toolchain/bin/../lib/gcc/arm-none-eabi/6.2.1/thumb/v6-m/crtend.o
LOAD c:/program files (x86)/atmel/studio/7.0/toolchain/arm/arm-gnu-toolchain/bin/../lib/gcc/arm-none-eabi/6.2.1/thumb/v6-m/crtn.o
                0x00000400                STACK_SIZE = DEFINED (STACK_SIZE)?STACK_SIZE:DEFINED (__stack_size__)?__stack_size__:0x400

.text           0x00000000     0x3384
                0x00000000                . = ALIGN (0x4)
                0x00000000                _sfixed = .
 *(.vectors .vectors.*)
 .vectors       0x00000000       0x8c Device_Startup/startup_samd09.o
                0x00000000                exception_table
 *(.text .text.* .gnu.linkonce.t.*)
 .text          0x0000008c       0x60 c:/program files (x86)/atmel/studio/7.0/toolchain/arm/arm-gnu-toolchain/bin/../lib/gcc/arm-none-eabi/6.2.1/thumb/v6-m/crtbegin.o
 .text._Z7syncADCv
                0x000000ec       0x10 bsp/bsp_adc.o
                0x000000ec                syncADC()
 .text._Z8adc_initv
                0x000000fc       0x6c bsp/bsp_adc.o
                0x000000fc                adc_init()
 .text._Z8adc_readh
                0x00000168       0x5c bsp/bsp_adc.o
                0x00000168                adc_read(unsigned char)
 .text._Z13pinPeripheralhm
                0x000001c4       0x38 bsp/bsp_gpio.o
                0x000001c4                pinPeripheral(unsigned char, unsigned long)
 .text._Z13gpio_set_inenmh
                0x000001fc       0x2c bsp/bsp_gpio.o
                0x000001fc                gpio_set_inen(unsigned long, unsigned char)
 .text._Z19gpio_pullenset_bulkmh
                0x00000228       0x2c bsp/bsp_gpio.o
                0x00000228                gpio_pullenset_bulk(unsigned long, unsigned char)
 .text._Z19gpio_pullenclr_bulkmh
                0x00000254       0x2c bsp/bsp_gpio.o
                0x00000254                gpio_pullenclr_bulk(unsigned long, unsigned char)
 .text._Z17sendDataSlaveWIREP6Sercomh
                0x00000280       0x1c bsp/bsp_sercom.o
                0x00000280                sendDataSlaveWIRE(Sercom*, unsigned char)
 .text._Z18prepareNackBitWIREP6Sercom
                0x0000029c        0xe bsp/bsp_sercom.o
                0x0000029c                prepareNackBitWIRE(Sercom*)
 *fill*         0x000002aa        0x2 
 .text._Z17prepareAckBitWIREP6Sercom
                0x000002ac       0x10 bsp/bsp_sercom.o
                0x000002ac                prepareAckBitWIRE(Sercom*)
 .text._Z22prepareCommandBitsWireP6Sercomh
                0x000002bc       0x38 bsp/bsp_sercom.o
                0x000002bc                prepareCommandBitsWire(Sercom*, unsigned char)
 .text._Z12readDataWIREP6Sercom
                0x000002f4       0x18 bsp/bsp_sercom.o
                0x000002f4                readDataWIRE(Sercom*)
 .text._Z9initClockP6Sercom
                0x0000030c       0x3c bsp/bsp_sercom.o
                0x0000030c                initClock(Sercom*)
 .text._Z9resetWIREP6Sercom
                0x00000348       0x16 bsp/bsp_sercom.o
                0x00000348                resetWIRE(Sercom*)
 .text._Z10enableWIREP6Sercom
                0x0000035e       0x24 bsp/bsp_sercom.o
                0x0000035e                enableWIRE(Sercom*)
 .text._Z13initSlaveWIREP6Sercomh
                0x00000382       0x32 bsp/bsp_sercom.o
                0x00000382                initSlaveWIRE(Sercom*, unsigned char)
 .text.Dummy_Handler
                0x000003b4        0x2 Device_Startup/startup_samd09.o
                0x000003b4                DMAC_Handler
                0x000003b4                HardFault_Handler
                0x000003b4                TC2_Handler
                0x000003b4                ADC_Handler
                0x000003b4                RTC_Handler
                0x000003b4                EIC_Handler
                0x000003b4                WDT_Handler
                0x000003b4                TC1_Handler
                0x000003b4                Dummy_Handler
                0x000003b4                PM_Handler
                0x000003b4                SVC_Handler
                0x000003b4                EVSYS_Handler
                0x000003b4                NVMCTRL_Handler
                0x000003b4                SERCOM0_Handler
                0x000003b4                PTC_Handler
                0x000003b4                SYSCTRL_Handler
 *fill*         0x000003b6        0x2 
 .text.Reset_Handler
                0x000003b8       0xa0 Device_Startup/startup_samd09.o
                0x000003b8                Reset_Handler
 .text.SystemInit
                0x00000458       0x10 Device_Startup/system_samd09.o
                0x00000458                SystemInit
 .text._ZN2QP4QHsm4initEv
                0x00000468        0xc main.o
                0x00000468                QP::QHsm::init()
 .text._ZN2QP7QActive5startEjPPKNS_4QEvtEjPvj
                0x00000474       0x1a main.o
                0x00000474                QP::QActive::start(unsigned int, QP::QEvt const**, unsigned int, void*, unsigned int)
 *fill*         0x0000048e        0x2 
 .text._Z10board_initv
                0x00000490      0x170 main.o
                0x00000490                board_init()
 .text.startup.main
                0x00000600       0xd4 main.o
                0x00000600                main
 .text._ZN2QP7QActiveD2Ev
                0x000006d4       0x14 main.o
                0x000006d4                QP::QActive::~QActive()
                0x000006d4                QP::QActive::~QActive()
 .text._ZN11AOInterruptD2Ev
                0x000006e8       0x14 main.o
                0x000006e8                AOInterrupt::~AOInterrupt()
                0x000006e8                AOInterrupt::~AOInterrupt()
 .text._ZN11AOInterruptD0Ev
                0x000006fc       0x14 main.o
                0x000006fc                AOInterrupt::~AOInterrupt()
 .text._ZN5AOADCD2Ev
                0x00000710       0x14 main.o
                0x00000710                AOADC::~AOADC()
                0x00000710                AOADC::~AOADC()
 .text._ZN5AOADCD0Ev
                0x00000724       0x14 main.o
                0x00000724                AOADC::~AOADC()
 .text._ZN8I2CSlaveD2Ev
                0x00000738       0x14 main.o
                0x00000738                I2CSlave::~I2CSlave()
                0x00000738                I2CSlave::~I2CSlave()
 .text._ZN8I2CSlaveD0Ev
                0x0000074c       0x14 main.o
                0x0000074c                I2CSlave::~I2CSlave()
 .text._ZN8DelegateD2Ev
                0x00000760       0x14 main.o
                0x00000760                Delegate::~Delegate()
                0x00000760                Delegate::~Delegate()
 .text._ZN8DelegateD0Ev
                0x00000774       0x14 main.o
                0x00000774                Delegate::~Delegate()
 .text._ZN6SystemD2Ev
                0x00000788       0x14 main.o
                0x00000788                System::~System()
                0x00000788                System::~System()
 .text._ZN6SystemD0Ev
                0x0000079c       0x14 main.o
                0x0000079c                System::~System()
 .text._ZN2QP7QActiveD0Ev
                0x000007b0       0x14 main.o
                0x000007b0                QP::QActive::~QActive()
 .text.startup._GLOBAL__sub_I__Z10board_initv
                0x000007c4       0x94 main.o
 .text._Z7BspInitv
                0x00000858       0x24 qp/extras/bsp.o
                0x00000858                BspInit()
 .text.SysTick_Handler
                0x0000087c       0x5c qp/extras/bsp.o
                0x0000087c                SysTick_Handler
 .text._ZN2QP2QF9onStartupEv
                0x000008d8       0x9c qp/extras/bsp.o
                0x000008d8                QP::QF::onStartup()
 .text._ZN2QP3QXK6onIdleEv
                0x00000974        0x2 qp/extras/bsp.o
                0x00000974                QP::QXK::onIdle()
 .text.Q_onAssert
                0x00000976        0x6 qp/extras/bsp.o
                0x00000976                Q_onAssert
 .text.assert_failed
                0x0000097c        0x4 qp/extras/bsp.o
                0x0000097c                assert_failed
 .text._ZN2FW3EvtnwEj
                0x00000980        0xc qp/extras/fw_evt.o
                0x00000980                FW::Evt::operator new(unsigned int)
 .text.QXK_init
                0x0000098c       0x20 qp/ports/arm-cm/qxk/gnu/qxk_port.o
                0x0000098c                QXK_init
 .text.PendSV_Handler
                0x000009ac       0xcc qp/ports/arm-cm/qxk/gnu/qxk_port.o
                0x000009ac                PendSV_Handler
 .text.Thread_ret
                0x00000a78       0x10 qp/ports/arm-cm/qxk/gnu/qxk_port.o
 .text.NMI_Handler
                0x00000a88        0x6 qp/ports/arm-cm/qxk/gnu/qxk_port.o
                0x00000a88                NMI_Handler
 .text._ZN2QP4QHsmD2Ev
                0x00000a8e        0x2 qp/source/qep_hsm.o
                0x00000a8e                QP::QHsm::~QHsm()
                0x00000a8e                QP::QHsm::~QHsm()
 .text._ZN2QP4QHsm3topEPvPKNS_4QEvtE
                0x00000a90        0x4 qp/source/qep_hsm.o
                0x00000a90                QP::QHsm::top(void*, QP::QEvt const*)
 .text._ZN2QP4QHsmD0Ev
                0x00000a94        0xe qp/source/qep_hsm.o
                0x00000a94                QP::QHsm::~QHsm()
 *fill*         0x00000aa2        0x2 
 .text._ZN2QP4QHsm4initEPKNS_4QEvtE
                0x00000aa4       0x98 qp/source/qep_hsm.o
                0x00000aa4                QP::QHsm::init(QP::QEvt const*)
 .text._ZN2QP4QHsmC2EPFjPvPKNS_4QEvtEE
                0x00000b3c       0x18 qp/source/qep_hsm.o
                0x00000b3c                QP::QHsm::QHsm(unsigned int (*)(void*, QP::QEvt const*))
                0x00000b3c                QP::QHsm::QHsm(unsigned int (*)(void*, QP::QEvt const*))
 .text._ZN2QP4QHsm8hsm_tranERA6_PFjPvPKNS_4QEvtEE
                0x00000b54      0x110 qp/source/qep_hsm.o
                0x00000b54                QP::QHsm::hsm_tran(unsigned int (* (&) [6])(void*, QP::QEvt const*))
 .text._ZN2QP4QHsm8dispatchEPKNS_4QEvtE
                0x00000c64       0xd8 qp/source/qep_hsm.o
                0x00000c64                QP::QHsm::dispatch(QP::QEvt const*)
 .text.startup._GLOBAL__sub_I__ZN2QP4QHsmC2EPFjPvPKNS_4QEvtEE
                0x00000d3c       0x18 qp/source/qep_hsm.o
 .text._ZN2QP2QF4add_EPNS_7QActiveE
                0x00000d54       0x34 qp/source/qf_act.o
                0x00000d54                QP::QF::add_(QP::QActive*)
 .text._ZN2QP2QF5bzeroEPvj
                0x00000d88       0x10 qp/source/qf_act.o
                0x00000d88                QP::QF::bzero(void*, unsigned int)
 .text._ZN2QP7QActive5post_EPKNS_4QEvtEj
                0x00000d98       0xb4 qp/source/qf_actq.o
                0x00000d98                QP::QActive::post_(QP::QEvt const*, unsigned int)
 .text._ZN2QP7QActive8postLIFOEPKNS_4QEvtE
                0x00000e4c       0x8c qp/source/qf_actq.o
                0x00000e4c                QP::QActive::postLIFO(QP::QEvt const*)
 .text._ZN2QP7QActive4get_Ev
                0x00000ed8       0x60 qp/source/qf_actq.o
                0x00000ed8                QP::QActive::get_()
 .text._ZN2QP2QF8poolInitEPvjj
                0x00000f38       0x5c qp/source/qf_dyn.o
                0x00000f38                QP::QF::poolInit(void*, unsigned int, unsigned int)
 .text._ZN2QP2QF5newX_Ejji
                0x00000f94       0x74 qp/source/qf_dyn.o
                0x00000f94                QP::QF::newX_(unsigned int, unsigned int, int)
 .text._ZN2QP2QF2gcEPKNS_4QEvtE
                0x00001008       0x58 qp/source/qf_dyn.o
                0x00001008                QP::QF::gc(QP::QEvt const*)
 .text.startup._GLOBAL__sub_I__ZN2QP8QF_pool_E
                0x00001060       0x20 qp/source/qf_dyn.o
 .text._ZN2QP6QMPoolC2Ev
                0x00001080       0x12 qp/source/qf_mem.o
                0x00001080                QP::QMPool::QMPool()
                0x00001080                QP::QMPool::QMPool()
 *fill*         0x00001092        0x2 
 .text._ZN2QP6QMPool4initEPvjj
                0x00001094       0x80 qp/source/qf_mem.o
                0x00001094                QP::QMPool::init(void*, unsigned int, unsigned int)
 .text._ZN2QP6QMPool3putEPv
                0x00001114       0x40 qp/source/qf_mem.o
                0x00001114                QP::QMPool::put(void*)
 .text._ZN2QP6QMPool3getEj
                0x00001154       0x78 qp/source/qf_mem.o
                0x00001154                QP::QMPool::get(unsigned int)
 .text._ZN2QP7QF_LOG2Em
                0x000011cc       0x28 qp/source/qf_ps.o
                0x000011cc                QP::QF_LOG2(unsigned long)
 .text._ZN2QP2QF6psInitEPNS_5QPSetEi
                0x000011f4       0x1c qp/source/qf_ps.o
                0x000011f4                QP::QF::psInit(QP::QPSet*, int)
 .text._ZN2QP2QF8publish_EPKNS_4QEvtE
                0x00001210       0xc4 qp/source/qf_ps.o
                0x00001210                QP::QF::publish_(QP::QEvt const*)
 .text._ZNK2QP7QActive9subscribeEi
                0x000012d4       0x5c qp/source/qf_ps.o
                0x000012d4                QP::QActive::subscribe(int) const
 .text._ZN2QP7QActiveC2EPFjPvPKNS_4QEvtEE
                0x00001330       0x3c qp/source/qf_qact.o
                0x00001330                QP::QActive::QActive(unsigned int (*)(void*, QP::QEvt const*))
                0x00001330                QP::QActive::QActive(unsigned int (*)(void*, QP::QEvt const*))
 .text._ZN2QP7QEQueueC2Ev
                0x0000136c       0x12 qp/source/qf_qeq.o
                0x0000136c                QP::QEQueue::QEQueue()
                0x0000136c                QP::QEQueue::QEQueue()
 .text._ZN2QP7QEQueue4initEPPKNS_4QEvtEj
                0x0000137e       0x1a qp/source/qf_qeq.o
                0x0000137e                QP::QEQueue::init(QP::QEvt const**, unsigned int)
 .text._ZN2QP2QF6tickX_Ej
                0x00001398       0x98 qp/source/qf_time.o
                0x00001398                QP::QF::tickX_(unsigned int)
 .text._ZN2QP8QTimeEvtC2EPNS_7QActiveEij
                0x00001430       0x34 qp/source/qf_time.o
                0x00001430                QP::QTimeEvt::QTimeEvt(QP::QActive*, int, unsigned int)
                0x00001430                QP::QTimeEvt::QTimeEvt(QP::QActive*, int, unsigned int)
 .text._ZN2QP8QTimeEvtC2Ev
                0x00001464       0x12 qp/source/qf_time.o
                0x00001464                QP::QTimeEvt::QTimeEvt()
                0x00001464                QP::QTimeEvt::QTimeEvt()
 *fill*         0x00001476        0x2 
 .text._ZN2QP8QTimeEvt4armXEtt
                0x00001478       0x68 qp/source/qf_time.o
                0x00001478                QP::QTimeEvt::armX(unsigned short, unsigned short)
 .text._ZN2QP8QTimeEvt6disarmEv
                0x000014e0       0x1a qp/source/qf_time.o
                0x000014e0                QP::QTimeEvt::disarm()
 *fill*         0x000014fa        0x2 
 .text.startup._GLOBAL__sub_I__ZN2QP2QF12timeEvtHead_E
                0x000014fc       0x18 qp/source/qf_time.o
 .text._ZN2QP13QXKIdleThreadD2Ev
                0x00001514       0x14 qp/source/qxk.o
                0x00001514                QP::QXKIdleThread::~QXKIdleThread()
                0x00001514                QP::QXKIdleThread::~QXKIdleThread()
 .text._ZN2QP13QXKIdleThreadD0Ev
                0x00001528       0x14 qp/source/qxk.o
                0x00001528                QP::QXKIdleThread::~QXKIdleThread()
 .text._ZN2QP2QF4initEv
                0x0000153c       0x60 qp/source/qxk.o
                0x0000153c                QP::QF::init()
 .text.QXK_sched_
                0x0000159c       0x60 qp/source/qxk.o
                0x0000159c                QXK_sched_
 .text.QXK_activate_
                0x000015fc       0x90 qp/source/qxk.o
                0x000015fc                QXK_activate_
 .text._ZN2QP2QF3runEv
                0x0000168c       0x28 qp/source/qxk.o
                0x0000168c                QP::QF::run()
 .text._ZN2QP7QActive5startEjPPKNS_4QEvtEjPvjS3_
                0x000016b4       0x78 qp/source/qxk.o
                0x000016b4                QP::QActive::start(unsigned int, QP::QEvt const**, unsigned int, void*, unsigned int, QP::QEvt const*)
 .text.startup._GLOBAL__sub_I_QXK_attr_
                0x0000172c       0x2c qp/source/qxk.o
 .text._ZN2QP7QXMutex4initEj
                0x00001758        0x8 qp/source/qxk_mutex.o
                0x00001758                QP::QXMutex::init(unsigned int)
 .text._ZN2QP7QXMutex4lockEv
                0x00001760       0x50 qp/source/qxk_mutex.o
                0x00001760                QP::QXMutex::lock()
 .text._ZN2QP7QXMutex6unlockEv
                0x000017b0       0x50 qp/source/qxk_mutex.o
                0x000017b0                QP::QXMutex::unlock()
 .text._ZN5AOADC4RootEPS_PKN2QP4QEvtE
                0x00001800       0x2c source/AOADC.o
                0x00001800                AOADC::Root(AOADC*, QP::QEvt const*)
 .text._ZN5AOADC6NormalEPS_PKN2QP4QEvtE
                0x0000182c       0x18 source/AOADC.o
                0x0000182c                AOADC::Normal(AOADC*, QP::QEvt const*)
 .text._ZN5AOADC18InitialPseudoStateEPS_PKN2QP4QEvtE
                0x00001844       0x38 source/AOADC.o
                0x00001844                AOADC::InitialPseudoState(AOADC*, QP::QEvt const*)
 .text._ZN5AOADC7StoppedEPS_PKN2QP4QEvtE
                0x0000187c       0x78 source/AOADC.o
                0x0000187c                AOADC::Stopped(AOADC*, QP::QEvt const*)
 .text._ZN5AOADCC2Ev
                0x000018f4       0x2c source/AOADC.o
                0x000018f4                AOADC::AOADC()
                0x000018f4                AOADC::AOADC()
 .text._ZN2FW4PipeIhE10WriteBlockEPKhm
                0x00001920       0x44 source/AOADC.o
                0x00001920                FW::Pipe<unsigned char>::WriteBlock(unsigned char const*, unsigned long)
 .text._ZN2FW4PipeIhE5WriteEPKhmPb
                0x00001964       0x98 source/AOADC.o
                0x00001964                FW::Pipe<unsigned char>::Write(unsigned char const*, unsigned long, bool*)
 .text._ZN5AOADC7StartedEPS_PKN2QP4QEvtE
                0x000019fc      0x138 source/AOADC.o
                0x000019fc                AOADC::Started(AOADC*, QP::QEvt const*)
 .text._ZN2FW4PipeIhE9ReadBlockEPhm
                0x00001b34       0x44 source/AODAP.o
                0x00001b34                FW::Pipe<unsigned char>::ReadBlock(unsigned char*, unsigned long)
 .text._ZN11AOInterrupt4RootEPS_PKN2QP4QEvtE
                0x00001b78       0x2c source/AOInterrupt.o
                0x00001b78                AOInterrupt::Root(AOInterrupt*, QP::QEvt const*)
 .text._ZN11AOInterrupt10UnassertedEPS_PKN2QP4QEvtE
                0x00001ba4       0x2c source/AOInterrupt.o
                0x00001ba4                AOInterrupt::Unasserted(AOInterrupt*, QP::QEvt const*)
 .text._ZN11AOInterrupt8AssertedEPS_PKN2QP4QEvtE
                0x00001bd0       0x2c source/AOInterrupt.o
                0x00001bd0                AOInterrupt::Asserted(AOInterrupt*, QP::QEvt const*)
 .text._ZN11AOInterrupt18InitialPseudoStateEPS_PKN2QP4QEvtE
                0x00001bfc       0x30 source/AOInterrupt.o
                0x00001bfc                AOInterrupt::InitialPseudoState(AOInterrupt*, QP::QEvt const*)
 .text._ZN11AOInterrupt7StartedEPS_PKN2QP4QEvtE
                0x00001c2c       0xa0 source/AOInterrupt.o
                0x00001c2c                AOInterrupt::Started(AOInterrupt*, QP::QEvt const*)
 .text._ZN11AOInterrupt7StoppedEPS_PKN2QP4QEvtE
                0x00001ccc       0x88 source/AOInterrupt.o
                0x00001ccc                AOInterrupt::Stopped(AOInterrupt*, QP::QEvt const*)
 .text._ZN11AOInterruptC2Ev
                0x00001d54       0x34 source/AOInterrupt.o
                0x00001d54                AOInterrupt::AOInterrupt()
                0x00001d54                AOInterrupt::AOInterrupt()
 .text._ZL11eeprom_readhPhh
                0x00001d88       0x54 source/Delegate.o
 .text._ZN8Delegate4RootEPS_PKN2QP4QEvtE
                0x00001ddc       0x2c source/Delegate.o
                0x00001ddc                Delegate::Root(Delegate*, QP::QEvt const*)
 .text._ZN8Delegate18InitialPseudoStateEPS_PKN2QP4QEvtE
                0x00001e08       0x30 source/Delegate.o
                0x00001e08                Delegate::InitialPseudoState(Delegate*, QP::QEvt const*)
 .text._ZN8Delegate7StoppedEPS_PKN2QP4QEvtE
                0x00001e38       0x78 source/Delegate.o
                0x00001e38                Delegate::Stopped(Delegate*, QP::QEvt const*)
 .text._ZN8DelegateC2Ev
                0x00001eb0       0x2c source/Delegate.o
                0x00001eb0                Delegate::Delegate()
                0x00001eb0                Delegate::Delegate()
 .text._ZN8Delegate11intCallbackEv
                0x00001edc       0x16 source/Delegate.o
                0x00001edc                Delegate::intCallback()
 .text._ZN8Delegate10break32BitEmPh
                0x00001ef2       0x10 source/Delegate.o
                0x00001ef2                Delegate::break32Bit(unsigned long, unsigned char*)
 *fill*         0x00001f02        0x2 
 .text._ZN2FW4PipeIhE4ReadEPhmPb
                0x00001f04       0x7c source/Delegate.o
                0x00001f04                FW::Pipe<unsigned char>::Read(unsigned char*, unsigned long, bool*)
 .text._ZN8Delegate7discardEPN2FW4PipeIhEEh
                0x00001f80       0x20 source/Delegate.o
                0x00001f80                Delegate::discard(FW::Pipe<unsigned char>*, unsigned char)
 .text._ZN8Delegate7StartedEPS_PKN2QP4QEvtE
                0x00001fa0      0x4e0 source/Delegate.o
                0x00001fa0                Delegate::Started(Delegate*, QP::QEvt const*)
 .text._ZN8I2CSlave4RootEPS_PKN2QP4QEvtE
                0x00002480       0x2c source/I2CSlave.o
                0x00002480                I2CSlave::Root(I2CSlave*, QP::QEvt const*)
 .text._ZN8I2CSlave18InitialPseudoStateEPS_PKN2QP4QEvtE
                0x000024ac       0x48 source/I2CSlave.o
                0x000024ac                I2CSlave::InitialPseudoState(I2CSlave*, QP::QEvt const*)
 .text._ZN8I2CSlave4BusyEPS_PKN2QP4QEvtE
                0x000024f4       0x80 source/I2CSlave.o
                0x000024f4                I2CSlave::Busy(I2CSlave*, QP::QEvt const*)
 .text._ZN8I2CSlaveC2EP6Sercom
                0x00002574       0x40 source/I2CSlave.o
                0x00002574                I2CSlave::I2CSlave(Sercom*)
                0x00002574                I2CSlave::I2CSlave(Sercom*)
 .text._ZN8I2CSlave15ReceiveCallbackEhhh
                0x000025b4       0x22 source/I2CSlave.o
                0x000025b4                I2CSlave::ReceiveCallback(unsigned char, unsigned char, unsigned char)
 .text._ZN2FW4PipeIhE5ResetEv
                0x000025d6       0x14 source/I2CSlave.o
                0x000025d6                FW::Pipe<unsigned char>::Reset()
 *fill*         0x000025ea        0x2 
 .text._ZN8I2CSlave7StoppedEPS_PKN2QP4QEvtE
                0x000025ec      0x148 source/I2CSlave.o
                0x000025ec                I2CSlave::Stopped(I2CSlave*, QP::QEvt const*)
 .text._ZN8I2CSlave7StartedEPS_PKN2QP4QEvtE
                0x00002734       0x84 source/I2CSlave.o
                0x00002734                I2CSlave::Started(I2CSlave*, QP::QEvt const*)
 .text._ZN8I2CSlave4IdleEPS_PKN2QP4QEvtE
                0x000027b8       0xb8 source/I2CSlave.o
                0x000027b8                I2CSlave::Idle(I2CSlave*, QP::QEvt const*)
 .text.SERCOM1_Handler
                0x00002870      0x1cc source/I2CSlave.o
                0x00002870                SERCOM1_Handler
 .text._ZN6System4RootEPS_PKN2QP4QEvtE
                0x00002a3c       0x3c source/System.o
                0x00002a3c                System::Root(System*, QP::QEvt const*)
 .text._ZN6System7StartedEPS_PKN2QP4QEvtE
                0x00002a78       0x24 source/System.o
                0x00002a78                System::Started(System*, QP::QEvt const*)
 .text._ZN2FW4PipeIhED2Ev
                0x00002a9c        0x2 source/System.o
                0x00002a9c                FW::Pipe<unsigned char>::~Pipe()
                0x00002a9c                FW::Pipe<unsigned char>::~Pipe()
 .text._ZN2FW4PipeIhED0Ev
                0x00002a9e        0xe source/System.o
                0x00002a9e                FW::Pipe<unsigned char>::~Pipe()
 .text._ZN6System18InitialPseudoStateEPS_PKN2QP4QEvtE
                0x00002aac       0x70 source/System.o
                0x00002aac                System::InitialPseudoState(System*, QP::QEvt const*)
 .text._ZN6System7StoppedEPS_PKN2QP4QEvtE
                0x00002b1c       0x4c source/System.o
                0x00002b1c                System::Stopped(System*, QP::QEvt const*)
 .text._ZN6SystemC2Ev
                0x00002b68       0x5c source/System.o
                0x00002b68                System::System()
                0x00002b68                System::System()
 .text._ZN6System9HandleCfmERKN2FW8ErrorEvtEh
                0x00002bc4       0x4a source/System.o
                0x00002bc4                System::HandleCfm(FW::ErrorEvt const&, unsigned char)
 *fill*         0x00002c0e        0x2 
 .text._ZN6System8StoppingEPS_PKN2QP4QEvtE
                0x00002c10       0xe4 source/System.o
                0x00002c10                System::Stopping(System*, QP::QEvt const*)
 .text._ZN6System8StartingEPS_PKN2QP4QEvtE
                0x00002cf4       0xd8 source/System.o
                0x00002cf4                System::Starting(System*, QP::QEvt const*)
 .text.__aeabi_atexit
                0x00002dcc        0xe c:/program files (x86)/atmel/studio/7.0/toolchain/arm/arm-gnu-toolchain/bin/../lib/gcc/arm-none-eabi/6.2.1/../../../../arm-none-eabi/lib/thumb/v6-m\libstdc++_nano.a(atexit_arm.o)
                0x00002dcc                __aeabi_atexit
 .text._ZdlPvj  0x00002dda        0x8 c:/program files (x86)/atmel/studio/7.0/toolchain/arm/arm-gnu-toolchain/bin/../lib/gcc/arm-none-eabi/6.2.1/../../../../arm-none-eabi/lib/thumb/v6-m\libstdc++_nano.a(del_ops.o)
                0x00002dda                operator delete(void*, unsigned int)
 .text._ZdlPv   0x00002de2        0x8 c:/program files (x86)/atmel/studio/7.0/toolchain/arm/arm-gnu-toolchain/bin/../lib/gcc/arm-none-eabi/6.2.1/../../../../arm-none-eabi/lib/thumb/v6-m\libstdc++_nano.a(del_op.o)
                0x00002de2                operator delete(void*)
 *fill*         0x00002dea        0x2 
 .text          0x00002dec       0x14 c:/program files (x86)/atmel/studio/7.0/toolchain/arm/arm-gnu-toolchain/bin/../lib/gcc/arm-none-eabi/6.2.1/thumb/v6-m\libgcc.a(_thumb1_case_uqi.o)
                0x00002dec                __gnu_thumb1_case_uqi
 .text          0x00002e00      0x114 c:/program files (x86)/atmel/studio/7.0/toolchain/arm/arm-gnu-toolchain/bin/../lib/gcc/arm-none-eabi/6.2.1/thumb/v6-m\libgcc.a(_udivsi3.o)
                0x00002e00                __aeabi_uidiv
                0x00002e00                __udivsi3
                0x00002f0c                __aeabi_uidivmod
 .text          0x00002f14        0x4 c:/program files (x86)/atmel/studio/7.0/toolchain/arm/arm-gnu-toolchain/bin/../lib/gcc/arm-none-eabi/6.2.1/thumb/v6-m\libgcc.a(_dvmd_tls.o)
                0x00002f14                __aeabi_idiv0
                0x00002f14                __aeabi_ldiv0
 .text.__cxa_atexit
                0x00002f18       0x1c c:/program files (x86)/atmel/studio/7.0/toolchain/arm/arm-gnu-toolchain/bin/../lib/gcc/arm-none-eabi/6.2.1/../../../../arm-none-eabi/lib/thumb/v6-m\libc_nano.a(lib_a-cxa_atexit.o)
                0x00002f18                __cxa_atexit
 .text.__libc_init_array
                0x00002f34       0x48 c:/program files (x86)/atmel/studio/7.0/toolchain/arm/arm-gnu-toolchain/bin/../lib/gcc/arm-none-eabi/6.2.1/../../../../arm-none-eabi/lib/thumb/v6-m\libc_nano.a(lib_a-init.o)
                0x00002f34                __libc_init_array
 .text.free     0x00002f7c       0x14 c:/program files (x86)/atmel/studio/7.0/toolchain/arm/arm-gnu-toolchain/bin/../lib/gcc/arm-none-eabi/6.2.1/../../../../arm-none-eabi/lib/thumb/v6-m\libc_nano.a(lib_a-malloc.o)
                0x00002f7c                free
 .text.memcpy   0x00002f90       0x12 c:/program files (x86)/atmel/studio/7.0/toolchain/arm/arm-gnu-toolchain/bin/../lib/gcc/arm-none-eabi/6.2.1/../../../../arm-none-eabi/lib/thumb/v6-m\libc_nano.a(lib_a-memcpy-stub.o)
                0x00002f90                memcpy
 *fill*         0x00002fa2        0x2 
 .text._free_r  0x00002fa4       0x94 c:/program files (x86)/atmel/studio/7.0/toolchain/arm/arm-gnu-toolchain/bin/../lib/gcc/arm-none-eabi/6.2.1/../../../../arm-none-eabi/lib/thumb/v6-m\libc_nano.a(lib_a-nano-freer.o)
                0x00002fa4                _free_r
 .text.__malloc_lock
                0x00003038        0x2 c:/program files (x86)/atmel/studio/7.0/toolchain/arm/arm-gnu-toolchain/bin/../lib/gcc/arm-none-eabi/6.2.1/../../../../arm-none-eabi/lib/thumb/v6-m\libc_nano.a(lib_a-mlock.o)
                0x00003038                __malloc_lock
 .text.__malloc_unlock
                0x0000303a        0x2 c:/program files (x86)/atmel/studio/7.0/toolchain/arm/arm-gnu-toolchain/bin/../lib/gcc/arm-none-eabi/6.2.1/../../../../arm-none-eabi/lib/thumb/v6-m\libc_nano.a(lib_a-mlock.o)
                0x0000303a                __malloc_unlock
 *(.glue_7t)
 .glue_7t       0x0000303c        0x0 linker stubs
 *(.glue_7)
 .glue_7        0x0000303c        0x0 linker stubs
 *(.rodata .rodata* .gnu.linkonce.r.*)
 .rodata._ZTV6System
                0x0000303c       0x2c main.o
                0x0000303c                vtable for System
 .rodata._ZTV8Delegate
                0x00003068       0x2c main.o
                0x00003068                vtable for Delegate
 .rodata._ZTV8I2CSlave
                0x00003094       0x2c main.o
                0x00003094                vtable for I2CSlave
 .rodata._ZTV5AOADC
                0x000030c0       0x2c main.o
                0x000030c0                vtable for AOADC
 .rodata._ZTV11AOInterrupt
                0x000030ec       0x2c main.o
                0x000030ec                vtable for AOInterrupt
 .rodata._ZN2QPL14Q_this_module_E
                0x00003118        0x8 qp/source/qep_hsm.o
 .rodata._ZTVN2QP4QHsmE
                0x00003120       0x1c qp/source/qep_hsm.o
                0x00003120                vtable for QP::QHsm
 .rodata._ZN2QP11QF_log2LkupE
                0x0000313c      0x100 qp/source/qf_act.o
                0x0000313c                QP::QF_log2Lkup
 .rodata._ZN2QPL14Q_this_module_E
                0x0000323c        0x7 qp/source/qf_act.o
 .rodata._ZN2QPL14Q_this_module_E
                0x00003243        0x8 qp/source/qf_actq.o
 .rodata._ZN2QPL14Q_this_module_E
                0x0000324b        0x7 qp/source/qf_dyn.o
 .rodata._ZN2QPL14Q_this_module_E
                0x00003252        0x7 qp/source/qf_mem.o
 .rodata._ZN2QPL14Q_this_module_E
                0x00003259        0x6 qp/source/qf_ps.o
 .rodata._ZN2QPL14Q_this_module_E
                0x0000325f        0x8 qp/source/qf_time.o
 *fill*         0x00003267        0x1 
 .rodata._ZTVN2QP13QXKIdleThreadE
                0x00003268       0x2c qp/source/qxk.o
                0x00003268                vtable for QP::QXKIdleThread
 .rodata._ZN2QPL14Q_this_module_E
                0x00003294        0x4 qp/source/qxk.o
 .rodata._ZTVN2QP7QActiveE
                0x00003298       0x2c qp/source/qxk.o
                0x00003298                vtable for QP::QActive
 .rodata._ZN2QPL14Q_this_module_E
                0x000032c4        0xa qp/source/qxk_mutex.o
 .rodata._ZL14Q_this_module_
                0x000032ce       0x14 source/AOADC.o
 .rodata._ZN2FW4PipeIhE10WriteBlockEPKhm.str1.1
                0x000032e2        0xa source/AOADC.o
 .rodata._ZN5AOADCC2Ev.str1.1
                0x000032ec        0x4 source/AOADC.o
 .rodata._ZN2FW4PipeIhE9ReadBlockEPhm.str1.1
                0x000032f0        0xa source/AODAP.o
 .rodata._ZN11AOInterruptC2Ev.str1.1
                0x000032f0        0xa source/AOInterrupt.o
 .rodata._ZL14Q_this_module_
                0x000032fa       0x17 source/Delegate.o
 .rodata._ZN2FW4PipeIhE10WriteBlockEPKhm.str1.1
                0x00003311        0xa source/Delegate.o
 .rodata._ZN8DelegateC2Ev.str1.1
                0x00003311        0x9 source/Delegate.o
 .rodata._ZN8I2CSlaveC2EP6Sercom.str1.1
                0x0000331a        0xa source/I2CSlave.o
 .rodata._ZTVN2FW4PipeIhEE
                0x00003324       0x10 source/System.o
                0x00003324                vtable for FW::Pipe<unsigned char>
 .rodata._ZL14Q_this_module_
                0x00003334       0x15 source/System.o
 .rodata._ZN6SystemC2Ev.str1.1
                0x00003349        0x7 source/System.o
 *(.ARM.extab* .gnu.linkonce.armextab.*)
                0x00003350                . = ALIGN (0x4)
 *(.init)
 .init          0x00003350        0x4 c:/program files (x86)/atmel/studio/7.0/toolchain/arm/arm-gnu-toolchain/bin/../lib/gcc/arm-none-eabi/6.2.1/thumb/v6-m/crti.o
                0x00003350                _init
 .init          0x00003354        0x8 c:/program files (x86)/atmel/studio/7.0/toolchain/arm/arm-gnu-toolchain/bin/../lib/gcc/arm-none-eabi/6.2.1/thumb/v6-m/crtn.o
                0x0000335c                . = ALIGN (0x4)
                0x0000335c                __preinit_array_start = .
 *(.preinit_array)
                0x0000335c                __preinit_array_end = .
                0x0000335c                . = ALIGN (0x4)
                0x0000335c                __init_array_start = .
 *(SORT(.init_array.*))
 *(.init_array)
 .init_array    0x0000335c        0x4 c:/program files (x86)/atmel/studio/7.0/toolchain/arm/arm-gnu-toolchain/bin/../lib/gcc/arm-none-eabi/6.2.1/thumb/v6-m/crtbegin.o
 .init_array    0x00003360        0x4 main.o
 .init_array    0x00003364        0x4 qp/source/qep_hsm.o
 .init_array    0x00003368        0x4 qp/source/qf_dyn.o
 .init_array    0x0000336c        0x4 qp/source/qf_time.o
 .init_array    0x00003370        0x4 qp/source/qxk.o
                0x00003374                __init_array_end = .
                0x00003374                . = ALIGN (0x4)
 *crtbegin.o(.ctors)
 *(EXCLUDE_FILE(*crtend.o) .ctors)
 *(SORT(.ctors.*))
 *crtend.o(.ctors)
                0x00003374                . = ALIGN (0x4)
 *(.fini)
 .fini          0x00003374        0x4 c:/program files (x86)/atmel/studio/7.0/toolchain/arm/arm-gnu-toolchain/bin/../lib/gcc/arm-none-eabi/6.2.1/thumb/v6-m/crti.o
                0x00003374                _fini
 .fini          0x00003378        0x8 c:/program files (x86)/atmel/studio/7.0/toolchain/arm/arm-gnu-toolchain/bin/../lib/gcc/arm-none-eabi/6.2.1/thumb/v6-m/crtn.o
                0x00003380                . = ALIGN (0x4)
                0x00003380                __fini_array_start = .
 *(.fini_array)
 .fini_array    0x00003380        0x4 c:/program files (x86)/atmel/studio/7.0/toolchain/arm/arm-gnu-toolchain/bin/../lib/gcc/arm-none-eabi/6.2.1/thumb/v6-m/crtbegin.o
 *(SORT(.fini_array.*))
                0x00003384                __fini_array_end = .
 *crtbegin.o(.dtors)
 *(EXCLUDE_FILE(*crtend.o) .dtors)
 *(SORT(.dtors.*))
 *crtend.o(.dtors)
                0x00003384                . = ALIGN (0x4)
                0x00003384                _efixed = .
                [!provide]                PROVIDE (__exidx_start, .)

.vfp11_veneer   0x00003384        0x0
 .vfp11_veneer  0x00003384        0x0 linker stubs

.v4_bx          0x00003384        0x0
 .v4_bx         0x00003384        0x0 linker stubs

.iplt           0x00003384        0x0
 .iplt          0x00003384        0x0 c:/program files (x86)/atmel/studio/7.0/toolchain/arm/arm-gnu-toolchain/bin/../lib/gcc/arm-none-eabi/6.2.1/thumb/v6-m/crtbegin.o

.eh_frame       0x00003384        0x0
 .eh_frame      0x00003384        0x0 c:/program files (x86)/atmel/studio/7.0/toolchain/arm/arm-gnu-toolchain/bin/../lib/gcc/arm-none-eabi/6.2.1/thumb/v6-m/crtbegin.o

.rel.dyn        0x00003384        0x0
 .rel.iplt      0x00003384        0x0 c:/program files (x86)/atmel/studio/7.0/toolchain/arm/arm-gnu-toolchain/bin/../lib/gcc/arm-none-eabi/6.2.1/thumb/v6-m/crtbegin.o

.jcr            0x00003384        0x0
 .jcr           0x00003384        0x0 c:/program files (x86)/atmel/studio/7.0/toolchain/arm/arm-gnu-toolchain/bin/../lib/gcc/arm-none-eabi/6.2.1/thumb/v6-m/crtbegin.o

.igot.plt       0x00003384        0x0
 .igot.plt      0x00003384        0x0 c:/program files (x86)/atmel/studio/7.0/toolchain/arm/arm-gnu-toolchain/bin/../lib/gcc/arm-none-eabi/6.2.1/thumb/v6-m/crtbegin.o

.ARM.exidx
 *(.ARM.exidx* .gnu.linkonce.armexidx.*)
                [!provide]                PROVIDE (__exidx_end, .)
                0x00003384                . = ALIGN (0x4)
                0x00003384                _etext = .

.relocate       0x20000000       0x6c load address 0x00003384
                0x20000000                . = ALIGN (0x4)
                0x20000000                _srelocate = .
 *(.ramfunc .ramfunc.*)
 *(.data .data.*)
 .data          0x20000000        0x4 c:/program files (x86)/atmel/studio/7.0/toolchain/arm/arm-gnu-toolchain/bin/../lib/gcc/arm-none-eabi/6.2.1/thumb/v6-m/crtbegin.o
                0x20000000                __dso_handle
 .data.SystemCoreClock
                0x20000004        0x4 Device_Startup/system_samd09.o
                0x20000004                SystemCoreClock
 .data._impure_ptr
                0x20000008        0x4 c:/program files (x86)/atmel/studio/7.0/toolchain/arm/arm-gnu-toolchain/bin/../lib/gcc/arm-none-eabi/6.2.1/../../../../arm-none-eabi/lib/thumb/v6-m\libc_nano.a(lib_a-impure.o)
                0x20000008                _impure_ptr
 .data.impure_data
                0x2000000c       0x60 c:/program files (x86)/atmel/studio/7.0/toolchain/arm/arm-gnu-toolchain/bin/../lib/gcc/arm-none-eabi/6.2.1/../../../../arm-none-eabi/lib/thumb/v6-m\libc_nano.a(lib_a-impure.o)
                0x2000006c                . = ALIGN (0x4)
                0x2000006c                _erelocate = .

.bss            0x2000006c      0x7a8 load address 0x000033f0
                0x2000006c                . = ALIGN (0x4)
                0x2000006c                _sbss = .
                0x2000006c                _szero = .
 *(.bss .bss.*)
 .bss           0x2000006c       0x1c c:/program files (x86)/atmel/studio/7.0/toolchain/arm/arm-gnu-toolchain/bin/../lib/gcc/arm-none-eabi/6.2.1/thumb/v6-m/crtbegin.o
 .bss._ZL3adc   0x20000088       0x60 main.o
 .bss._ZL3del   0x200000e8       0x7c main.o
 .bss._ZL3i2c   0x20000164       0x90 main.o
 .bss._ZL3sys   0x200001f4       0xf0 main.o
 .bss._ZL9interrupt
                0x200002e4       0x64 main.o
 .bss.evtPoolLarge
                0x20000348       0x40 main.o
                0x20000348                evtPoolLarge
 .bss.evtPoolMedium
                0x20000388      0x100 main.o
                0x20000388                evtPoolMedium
 .bss.evtPoolSmall
                0x20000488      0x100 main.o
                0x20000488                evtPoolSmall
 .bss.subscrSto
                0x20000588      0x124 main.o
                0x20000588                subscrSto
 .bss.lastGPIOState
                0x200006ac        0x4 qp/extras/bsp.o
                0x200006ac                lastGPIOState
 .bss._ZN2QPL16QEP_reservedEvt_E
                0x200006b0       0x10 qp/source/qep_hsm.o
 .bss._ZN2QP2QF7active_E
                0x200006c0       0x84 qp/source/qf_act.o
                0x200006c0                QP::QF::active_
 .bss._ZN2QP11QF_maxPool_E
                0x20000744        0x4 qp/source/qf_dyn.o
                0x20000744                QP::QF_maxPool_
 .bss._ZN2QP8QF_pool_E
                0x20000748       0x3c qp/source/qf_dyn.o
                0x20000748                QP::QF_pool_
 .bss._ZN2QP14QF_subscrList_E
                0x20000784        0x4 qp/source/qf_ps.o
                0x20000784                QP::QF_subscrList_
 .bss._ZN2QP16QF_maxPubSignal_E
                0x20000788        0x4 qp/source/qf_ps.o
                0x20000788                QP::QF_maxPubSignal_
 .bss._ZN2QP2QF12timeEvtHead_E
                0x2000078c       0x20 qp/source/qf_time.o
                0x2000078c                QP::QF::timeEvtHead_
 .bss.QXK_attr_
                0x200007ac       0x18 qp/source/qxk.o
                0x200007ac                QXK_attr_
 .bss._ZN2QPL12l_idleThreadE
                0x200007c4       0x34 qp/source/qxk.o
 .bss._ZN8Delegate7m_intenE
                0x200007f8        0x4 source/Delegate.o
                0x200007f8                Delegate::m_inten
 .bss._ZN8Delegate9m_intflagE
                0x200007fc        0x4 source/Delegate.o
                0x200007fc                Delegate::m_intflag
 .bss._ZL16m_defaultOutFifo
                0x20000800        0x4 source/I2CSlave.o
 .bss._ZL8m_inFifo
                0x20000804        0x4 source/I2CSlave.o
 .bss._ZL9m_outFifo
                0x20000808        0x4 source/I2CSlave.o
 .bss.bytes_received
                0x2000080c        0x1 source/I2CSlave.o
                0x2000080c                bytes_received
 .bss.high_byte
                0x2000080d        0x1 source/I2CSlave.o
                0x2000080d                high_byte
 .bss.low_byte  0x2000080e        0x1 source/I2CSlave.o
                0x2000080e                low_byte
 .bss.slave_busy
                0x2000080f        0x1 source/I2CSlave.o
                0x2000080f                slave_busy
 .bss.__malloc_free_list
                0x20000810        0x4 c:/program files (x86)/atmel/studio/7.0/toolchain/arm/arm-gnu-toolchain/bin/../lib/gcc/arm-none-eabi/6.2.1/../../../../arm-none-eabi/lib/thumb/v6-m\libc_nano.a(lib_a-nano-mallocr.o)
                0x20000810                __malloc_free_list
 *(COMMON)
                0x20000814                . = ALIGN (0x4)
                0x20000814                _ebss = .
                0x20000814                _ezero = .

.stack          0x20000814      0x404 load address 0x00003b98
                0x20000818                . = ALIGN (0x8)
 *fill*         0x20000814        0x4 
                0x20000818                _sstack = .
                0x20000c18                . = (. + STACK_SIZE)
 *fill*         0x20000818      0x400 
                0x20000c18                . = ALIGN (0x8)
                0x20000c18                _estack = .
                0x20000c18                . = ALIGN (0x4)
                0x20000c18                _end = .
OUTPUT(seesaw.elf elf32-littlearm)

.ARM.attributes
                0x00000000       0x28
 .ARM.attributes
                0x00000000       0x1e c:/program files (x86)/atmel/studio/7.0/toolchain/arm/arm-gnu-toolchain/bin/../lib/gcc/arm-none-eabi/6.2.1/thumb/v6-m/crti.o
 .ARM.attributes
                0x0000001e       0x2c c:/program files (x86)/atmel/studio/7.0/toolchain/arm/arm-gnu-toolchain/bin/../lib/gcc/arm-none-eabi/6.2.1/thumb/v6-m/crtbegin.o
 .ARM.attributes
                0x0000004a       0x32 bsp/bsp_adc.o
 .ARM.attributes
                0x0000007c       0x32 bsp/bsp_gpio.o
 .ARM.attributes
                0x000000ae       0x32 bsp/bsp_sercom.o
 .ARM.attributes
                0x000000e0       0x32 Device_Startup/startup_samd09.o
 .ARM.attributes
                0x00000112       0x32 Device_Startup/system_samd09.o
 .ARM.attributes
                0x00000144       0x32 main.o
 .ARM.attributes
                0x00000176       0x32 qp/extras/bsp.o
 .ARM.attributes
                0x000001a8       0x32 qp/extras/fw_evt.o
 .ARM.attributes
                0x000001da       0x22 qp/ports/arm-cm/qxk/gnu/qxk_port.o
 .ARM.attributes
                0x000001fc       0x32 qp/source/qep_hsm.o
 .ARM.attributes
                0x0000022e       0x32 qp/source/qf_act.o
 .ARM.attributes
                0x00000260       0x32 qp/source/qf_actq.o
 .ARM.attributes
                0x00000292       0x32 qp/source/qf_dyn.o
 .ARM.attributes
                0x000002c4       0x32 qp/source/qf_mem.o
 .ARM.attributes
                0x000002f6       0x32 qp/source/qf_ps.o
 .ARM.attributes
                0x00000328       0x32 qp/source/qf_qact.o
 .ARM.attributes
                0x0000035a       0x32 qp/source/qf_qeq.o
 .ARM.attributes
                0x0000038c       0x32 qp/source/qf_time.o
 .ARM.attributes
                0x000003be       0x32 qp/source/qxk.o
 .ARM.attributes
                0x000003f0       0x32 qp/source/qxk_mutex.o
 .ARM.attributes
                0x00000422       0x32 source/AOADC.o
 .ARM.attributes
                0x00000454       0x32 source/AODAP.o
 .ARM.attributes
                0x00000486       0x32 source/AOInterrupt.o
 .ARM.attributes
                0x000004b8       0x32 source/Delegate.o
 .ARM.attributes
                0x000004ea       0x32 source/I2CSlave.o
 .ARM.attributes
                0x0000051c       0x32 source/System.o
 .ARM.attributes
                0x0000054e       0x2c c:/program files (x86)/atmel/studio/7.0/toolchain/arm/arm-gnu-toolchain/bin/../lib/gcc/arm-none-eabi/6.2.1/../../../../arm-none-eabi/lib/thumb/v6-m\libstdc++_nano.a(atexit_arm.o)
 .ARM.attributes
                0x0000057a       0x2c c:/program files (x86)/atmel/studio/7.0/toolchain/arm/arm-gnu-toolchain/bin/../lib/gcc/arm-none-eabi/6.2.1/../../../../arm-none-eabi/lib/thumb/v6-m\libstdc++_nano.a(del_ops.o)
 .ARM.attributes
                0x000005a6       0x2c c:/program files (x86)/atmel/studio/7.0/toolchain/arm/arm-gnu-toolchain/bin/../lib/gcc/arm-none-eabi/6.2.1/../../../../arm-none-eabi/lib/thumb/v6-m\libstdc++_nano.a(del_op.o)
 .ARM.attributes
                0x000005d2       0x1e c:/program files (x86)/atmel/studio/7.0/toolchain/arm/arm-gnu-toolchain/bin/../lib/gcc/arm-none-eabi/6.2.1/thumb/v6-m\libgcc.a(_thumb1_case_uqi.o)
 .ARM.attributes
                0x000005f0       0x1e c:/program files (x86)/atmel/studio/7.0/toolchain/arm/arm-gnu-toolchain/bin/../lib/gcc/arm-none-eabi/6.2.1/thumb/v6-m\libgcc.a(_udivsi3.o)
 .ARM.attributes
                0x0000060e       0x1e c:/program files (x86)/atmel/studio/7.0/toolchain/arm/arm-gnu-toolchain/bin/../lib/gcc/arm-none-eabi/6.2.1/thumb/v6-m\libgcc.a(_dvmd_tls.o)
 .ARM.attributes
                0x0000062c       0x2c c:/program files (x86)/atmel/studio/7.0/toolchain/arm/arm-gnu-toolchain/bin/../lib/gcc/arm-none-eabi/6.2.1/../../../../arm-none-eabi/lib/thumb/v6-m\libc_nano.a(lib_a-cxa_atexit.o)
 .ARM.attributes
                0x00000658       0x2c c:/program files (x86)/atmel/studio/7.0/toolchain/arm/arm-gnu-toolchain/bin/../lib/gcc/arm-none-eabi/6.2.1/../../../../arm-none-eabi/lib/thumb/v6-m\libc_nano.a(lib_a-impure.o)
 .ARM.attributes
                0x00000684       0x2c c:/program files (x86)/atmel/studio/7.0/toolchain/arm/arm-gnu-toolchain/bin/../lib/gcc/arm-none-eabi/6.2.1/../../../../arm-none-eabi/lib/thumb/v6-m\libc_nano.a(lib_a-init.o)
 .ARM.attributes
                0x000006b0       0x2c c:/program files (x86)/atmel/studio/7.0/toolchain/arm/arm-gnu-toolchain/bin/../lib/gcc/arm-none-eabi/6.2.1/../../../../arm-none-eabi/lib/thumb/v6-m\libc_nano.a(lib_a-malloc.o)
 .ARM.attributes
                0x000006dc       0x2c c:/program files (x86)/atmel/studio/7.0/toolchain/arm/arm-gnu-toolchain/bin/../lib/gcc/arm-none-eabi/6.2.1/../../../../arm-none-eabi/lib/thumb/v6-m\libc_nano.a(lib_a-memcpy-stub.o)
 .ARM.attributes
                0x00000708       0x2c c:/program files (x86)/atmel/studio/7.0/toolchain/arm/arm-gnu-toolchain/bin/../lib/gcc/arm-none-eabi/6.2.1/../../../../arm-none-eabi/lib/thumb/v6-m\libc_nano.a(lib_a-nano-freer.o)
 .ARM.attributes
                0x00000734       0x2c c:/program files (x86)/atmel/studio/7.0/toolchain/arm/arm-gnu-toolchain/bin/../lib/gcc/arm-none-eabi/6.2.1/../../../../arm-none-eabi/lib/thumb/v6-m\libc_nano.a(lib_a-nano-mallocr.o)
 .ARM.attributes
                0x00000760       0x2c c:/program files (x86)/atmel/studio/7.0/toolchain/arm/arm-gnu-toolchain/bin/../lib/gcc/arm-none-eabi/6.2.1/../../../../arm-none-eabi/lib/thumb/v6-m\libc_nano.a(lib_a-mlock.o)
 .ARM.attributes
                0x0000078c       0x1e c:/program files (x86)/atmel/studio/7.0/toolchain/arm/arm-gnu-toolchain/bin/../lib/gcc/arm-none-eabi/6.2.1/thumb/v6-m/crtn.o

.comment        0x00000000       0x59
 .comment       0x00000000       0x59 bsp/bsp_adc.o
                                 0x5a (size before relaxing)
 .comment       0x00000059       0x5a bsp/bsp_gpio.o
 .comment       0x00000059       0x5a bsp/bsp_sercom.o
 .comment       0x00000059       0x5a Device_Startup/startup_samd09.o
 .comment       0x00000059       0x5a Device_Startup/system_samd09.o
 .comment       0x00000059       0x5a main.o
 .comment       0x00000059       0x5a qp/extras/bsp.o
 .comment       0x00000059       0x5a qp/extras/fw_evt.o
 .comment       0x00000059       0x5a qp/source/qep_hsm.o
 .comment       0x00000059       0x5a qp/source/qf_act.o
 .comment       0x00000059       0x5a qp/source/qf_actq.o
 .comment       0x00000059       0x5a qp/source/qf_dyn.o
 .comment       0x00000059       0x5a qp/source/qf_mem.o
 .comment       0x00000059       0x5a qp/source/qf_ps.o
 .comment       0x00000059       0x5a qp/source/qf_qact.o
 .comment       0x00000059       0x5a qp/source/qf_qeq.o
 .comment       0x00000059       0x5a qp/source/qf_time.o
 .comment       0x00000059       0x5a qp/source/qxk.o
 .comment       0x00000059       0x5a qp/source/qxk_mutex.o
 .comment       0x00000059       0x5a source/AOADC.o
 .comment       0x00000059       0x5a source/AODAP.o
 .comment       0x00000059       0x5a source/AOInterrupt.o
 .comment       0x00000059       0x5a source/Delegate.o
 .comment       0x00000059       0x5a source/I2CSlave.o
 .comment       0x00000059       0x5a source/System.o

.debug_frame    0x00000000      0x1e0
 .debug_frame   0x00000000       0x28 c:/program files (x86)/atmel/studio/7.0/toolchain/arm/arm-gnu-toolchain/bin/../lib/gcc/arm-none-eabi/6.2.1/../../../../arm-none-eabi/lib/thumb/v6-m\libstdc++_nano.a(atexit_arm.o)
 .debug_frame   0x00000028       0x28 c:/program files (x86)/atmel/studio/7.0/toolchain/arm/arm-gnu-toolchain/bin/../lib/gcc/arm-none-eabi/6.2.1/../../../../arm-none-eabi/lib/thumb/v6-m\libstdc++_nano.a(del_ops.o)
 .debug_frame   0x00000050       0x28 c:/program files (x86)/atmel/studio/7.0/toolchain/arm/arm-gnu-toolchain/bin/../lib/gcc/arm-none-eabi/6.2.1/../../../../arm-none-eabi/lib/thumb/v6-m\libstdc++_nano.a(del_op.o)
 .debug_frame   0x00000078       0x20 c:/program files (x86)/atmel/studio/7.0/toolchain/arm/arm-gnu-toolchain/bin/../lib/gcc/arm-none-eabi/6.2.1/thumb/v6-m\libgcc.a(_udivsi3.o)
 .debug_frame   0x00000098       0x2c c:/program files (x86)/atmel/studio/7.0/toolchain/arm/arm-gnu-toolchain/bin/../lib/gcc/arm-none-eabi/6.2.1/../../../../arm-none-eabi/lib/thumb/v6-m\libc_nano.a(lib_a-cxa_atexit.o)
 .debug_frame   0x000000c4       0x2c c:/program files (x86)/atmel/studio/7.0/toolchain/arm/arm-gnu-toolchain/bin/../lib/gcc/arm-none-eabi/6.2.1/../../../../arm-none-eabi/lib/thumb/v6-m\libc_nano.a(lib_a-init.o)
 .debug_frame   0x000000f0       0x40 c:/program files (x86)/atmel/studio/7.0/toolchain/arm/arm-gnu-toolchain/bin/../lib/gcc/arm-none-eabi/6.2.1/../../../../arm-none-eabi/lib/thumb/v6-m\libc_nano.a(lib_a-malloc.o)
 .debug_frame   0x00000130       0x28 c:/program files (x86)/atmel/studio/7.0/toolchain/arm/arm-gnu-toolchain/bin/../lib/gcc/arm-none-eabi/6.2.1/../../../../arm-none-eabi/lib/thumb/v6-m\libc_nano.a(lib_a-memcpy-stub.o)
 .debug_frame   0x00000158       0x2c c:/program files (x86)/atmel/studio/7.0/toolchain/arm/arm-gnu-toolchain/bin/../lib/gcc/arm-none-eabi/6.2.1/../../../../arm-none-eabi/lib/thumb/v6-m\libc_nano.a(lib_a-nano-freer.o)
 .debug_frame   0x00000184       0x2c c:/program files (x86)/atmel/studio/7.0/toolchain/arm/arm-gnu-toolchain/bin/../lib/gcc/arm-none-eabi/6.2.1/../../../../arm-none-eabi/lib/thumb/v6-m\libc_nano.a(lib_a-nano-mallocr.o)
 .debug_frame   0x000001b0       0x30 c:/program files (x86)/atmel/studio/7.0/toolchain/arm/arm-gnu-toolchain/bin/../lib/gcc/arm-none-eabi/6.2.1/../../../../arm-none-eabi/lib/thumb/v6-m\libc_nano.a(lib_a-mlock.o)
